Start time: 18:36:26 on Jun 18,2024
qverilog tlm_example_with_config.sv 
-- Compiling module tlm_example_with_config
-- Importing package mtiUvm.uvm_pkg (uvm-1.1d Built-in)
** Note: (qverilog-2286) tlm_example_with_config.sv(7): Using implicit +incdir+C:/questasim64_10.7c/uvm-1.1d/../verilog_src/uvm-1.1d/src from import uvm_pkg

Top level modules:
	tlm_example_with_config
# vsim -lib work work.tlm_example_with_config -c -do "run -all; quit -f" -appendlog -l qverilog.log -vopt 
# ** Note: (vsim-8009) Loading existing optimized design _opt
# //  Questa Sim-64
# //  Version 10.7c win64 Aug 18 2018
# //
# //  Copyright 1991-2018 Mentor Graphics Corporation
# //  All Rights Reserved.
# //
# //  QuestaSim and its associated documentation contain trade
# //  secrets and commercial or financial information that are the property of
# //  Mentor Graphics Corporation and are privileged, confidential,
# //  and exempt from disclosure under the Freedom of Information Act,
# //  5 U.S.C. Section 552. Furthermore, this information
# //  is prohibited from disclosure under the Trade Secrets Act,
# //  18 U.S.C. Section 1905.
# //
# Loading sv_std.std
# Loading mtiUvm.uvm_pkg
# Loading work.tlm_example_with_config(fast)
# Loading mtiUvm.questa_uvm_pkg(fast)
# Loading C:/questasim64_10.7c/uvm-1.1d\win64\uvm_dpi.dll
# run -all
# ----------------------------------------------------------------
# UVM-1.1d
# (C) 2007-2013 Mentor Graphics Corporation
# (C) 2007-2013 Cadence Design Systems, Inc.
# (C) 2006-2013 Synopsys, Inc.
# (C) 2011-2013 Cypress Semiconductor Corp.
# ----------------------------------------------------------------
# 
#   ***********       IMPORTANT RELEASE NOTES         ************
# 
#   You are using a version of the UVM library that has been compiled
#   with `UVM_NO_DEPRECATED undefined.
#   See http://www.eda.org/svdb/view.php?id=3313 for more details.
# 
#   You are using a version of the UVM library that has been compiled
#   with `UVM_OBJECT_MUST_HAVE_CONSTRUCTOR undefined.
#   See http://www.eda.org/svdb/view.php?id=3770 for more details.
# 
#       (Specify +UVM_NO_RELNOTES to turn off this notice)
# 
# UVM_INFO verilog_src/questa_uvm_pkg-1.2/src/questa_uvm_pkg.sv(215) @ 0: reporter [Questa UVM] QUESTA_UVM-1.2.3
# UVM_INFO verilog_src/questa_uvm_pkg-1.2/src/questa_uvm_pkg.sv(216) @ 0: reporter [Questa UVM]  questa_uvm::init(+struct)
# UVM_INFO @ 0: reporter [RNTST] Running test agent...
# value of a=0
# 
#### Factory Configuration (*)
# 
#   No instance or type overrides are registered with this factory
# 
# All types registered with the factory: 39 total
# (types without type names will not be printed)
# 
#   Type Name
#   ---------
#   agent
#   driver
#   questa_uvm_recorder
# (*) Types with no associated type name will be printed as <unknown>
# 
####
# 
# UVM_INFO @ 0: reporter [UVMTOP] UVM testbench topology:
# ------------------------------------------------------
# Name               Type                    Size  Value
# ------------------------------------------------------
# uvm_test_top       agent                   -     @466 
#   drv_h            driver                  -     @473 
#     rsp_port       uvm_analysis_port       -     @488 
#     seq_item_port  uvm_seq_item_pull_port  -     @480 
# ------------------------------------------------------
# 
# Build_phase_driver
# value of b = 5
# Connect_phase_driver
# value of b = 5
# Connect_phase_agent
# value of a = 0
# end_of_elaboration_phase_driver
# value of b = 5
# end_of_elaboration_phase_agent
# value of a = 0
# start_of_simulation_phase_driver
# value of b = 5
# start_of_simulation_phase_agent
# value of a = 0
# UVM_INFO verilog_src/uvm-1.1d/src/base/uvm_objection.svh(1267) @ 50: reporter [TEST_DONE] 'run' phase is ready to proceed to the 'extract' phase
# extract_phase_driver
# value of b = 5
# extract_phase_agent
# value of a = 0
# report_phase_driver
# value of b = 5
# report_phase_agent
# value of a = 0
# final_phase_agent
# value of a = 0
# final_phase_driver
# value of b = 5
# 
# --- UVM Report Summary ---
# 
# ** Report counts by severity
# UVM_INFO :    5
# UVM_WARNING :    0
# UVM_ERROR :    0
# UVM_FATAL :    0
# ** Report counts by id
# [Questa UVM]     2
# [RNTST]     1
# [TEST_DONE]     1
# [UVMTOP]     1
# ** Note: $finish    : C:/questasim64_10.7c/win64/../verilog_src/uvm-1.1d/src/base/uvm_root.svh(430)
#    Time: 50 ns  Iteration: 54  Instance: /tlm_example_with_config
# End time: 18:36:29 on Jun 18,2024, Elapsed time: 0:00:03
# Errors: 0, Warnings: 0
